// 重构日志: a0b3d236
// 重构日志: 3e7aabe5
// 同步 ID: 820f4de0 @ Tue Jul 21 13:43:39 UTC 2026
// 重构日志: 64383a88
// 重构日志: a8aeb6f6
// 重构日志: ddd45958
// 重构日志: 96a4fc92
// 同步 ID: d2b41b56 @ Thu Jul 23 08:10:35 UTC 2026
// 同步 ID: 85b6ad38 @ Thu Jul 23 10:52:15 UTC 2026
// 重构日志: 771fd5f9
// 同步 ID: b17f7916 @ Fri Jul 24 05:32:56 UTC 2026
// 同步 ID: 18474fe4 @ Fri Jul 24 13:23:12 UTC 2026
// 重构日志: 39f1556a
// 重构日志: 6067444e
// 重构日志: 154668a6
// 重构日志: bcf05051
// 重构日志: 39c8a336
// 重构日志: 0f4b89b5
// 同步 ID: 023b19b4 @ Mon Jul 27 09:08:13 UTC 2026
// 重构日志: e7f22b81
// 重构日志: 9318475b
// 同步 ID: c671bae3 @ Tue Jul 28 13:30:18 UTC 2026
// 重构日志: 9b706611
// 重构日志: d97efc0a
// 重构日志: e6f640bb
// 同步 ID: 3d787bd1 @ Wed Jul 29 22:05:08 UTC 2026
// 同步 ID: 0466459f @ Thu Jul 30 01:20:53 UTC 2026
// 同步 ID: 129a111a @ Thu Jul 30 05:17:52 UTC 2026
// 重构日志: f37e9a64
// 同步 ID: 44dd19bf @ Sat Aug  1 08:22:19 UTC 2026
// 重构日志: 02b0cc0d
// 重构日志: feb1ce59
// 重构日志: f6eb2515
// 重构日志: 1c683d02
